\BOOKMARK [0][-]{chapter.1}{\376\377\000H\000o\000w\000\040\000L\000a\000T\000e\000X\000\040\000W\000o\000r\000k\000s}{}% 1
\BOOKMARK [1][-]{section.1.1}{\376\377\000E\000n\000g\000i\000n\000e\000s\000\040\000a\000n\000d\000\040\000B\000i\000n\000a\000r\000i\000e\000s}{chapter.1}% 2
\BOOKMARK [1][-]{section.1.2}{\376\377\000D\000i\000s\000t\000r\000i\000b\000u\000t\000i\000o\000n\000s}{chapter.1}% 3
\BOOKMARK [2][-]{subsection.1.2.1}{\376\377\000O\000n\000\040\000t\000h\000e\000\040\000W\000e\000b\000:\000\040\000O\000v\000e\000r\000l\000e\000a\000f}{section.1.2}% 4
\BOOKMARK [2][-]{subsection.1.2.2}{\376\377\000F\000o\000r\000\040\000D\000e\000s\000k\000t\000o\000p}{section.1.2}% 5
\BOOKMARK [1][-]{section.1.3}{\376\377\000S\000y\000n\000t\000a\000x}{chapter.1}% 6
\BOOKMARK [0][-]{chapter.2}{\376\377\000W\000r\000i\000t\000i\000n\000g\000\040\000R\000e\000p\000o\000r\000t\000s}{}% 7
\BOOKMARK [1][-]{section.2.1}{\376\377\000G\000e\000t\000t\000i\000n\000g\000\040\000S\000t\000a\000r\000t\000e\000d}{chapter.2}% 8
\BOOKMARK [1][-]{section.2.2}{\376\377\000B\000a\000s\000i\000c\000\040\000F\000o\000r\000m\000a\000t\000t\000i\000n\000g}{chapter.2}% 9
\BOOKMARK [2][-]{subsection.2.2.1}{\376\377\000F\000o\000n\000t\000\040\000S\000t\000y\000l\000i\000n\000g}{section.2.2}% 10
\BOOKMARK [2][-]{subsection.2.2.2}{\376\377\000S\000e\000c\000t\000i\000o\000n\000i\000n\000g}{section.2.2}% 11
\BOOKMARK [2][-]{subsection.2.2.3}{\376\377\000C\000r\000e\000a\000t\000i\000n\000g\000\040\000T\000a\000b\000l\000e\000s}{section.2.2}% 12
\BOOKMARK [2][-]{subsection.2.2.4}{\376\377\000I\000n\000s\000e\000r\000t\000i\000n\000g\000\040\000I\000m\000a\000g\000e\000s}{section.2.2}% 13
\BOOKMARK [2][-]{subsection.2.2.5}{\376\377\000C\000r\000o\000s\000s\000\040\000R\000e\000f\000e\000r\000e\000n\000c\000i\000n\000g}{section.2.2}% 14
\BOOKMARK [1][-]{section.2.3}{\376\377\000T\000y\000p\000e\000s\000e\000t\000t\000i\000n\000g\000\040\000M\000a\000t\000h\000e\000m\000a\000t\000i\000c\000s}{chapter.2}% 15
\BOOKMARK [2][-]{subsection.2.3.1}{\376\377\000M\000a\000t\000h\000e\000m\000a\000t\000i\000c\000s\000\040\000M\000o\000d\000e\000s}{section.2.3}% 16
\BOOKMARK [2][-]{subsection.2.3.2}{\376\377\000B\000a\000s\000i\000c\000\040\000C\000o\000m\000m\000a\000n\000d\000s}{section.2.3}% 17
\BOOKMARK [1][-]{section.2.4}{\376\377\000B\000i\000b\000l\000i\000o\000g\000r\000a\000p\000h\000i\000e\000s\000\040\000a\000n\000d\000\040\000R\000e\000f\000e\000r\000e\000n\000c\000i\000n\000g}{chapter.2}% 18
\BOOKMARK [1][-]{section.2.5}{\376\377\000P\000a\000c\000k\000a\000g\000e\000s}{chapter.2}% 19
\BOOKMARK [2][-]{subsection.2.5.1}{\376\377\000S\000t\000a\000n\000d\000a\000r\000d\000\040\000P\000a\000c\000k\000a\000g\000e\000s}{section.2.5}% 20
\BOOKMARK [3][-]{subsubsection.2.5.1.1}{\376\377\000g\000e\000o\000m\000e\000t\000r\000y}{subsection.2.5.1}% 21
\BOOKMARK [3][-]{subsubsection.2.5.1.2}{\376\377\000g\000r\000a\000p\000h\000i\000c\000x}{subsection.2.5.1}% 22
\BOOKMARK [3][-]{subsubsection.2.5.1.3}{\376\377\000A\000M\000S\000m\000a\000t\000h}{subsection.2.5.1}% 23
\BOOKMARK [3][-]{subsubsection.2.5.1.4}{\376\377\000h\000y\000p\000e\000r\000r\000e\000f}{subsection.2.5.1}% 24
\BOOKMARK [2][-]{subsection.2.5.2}{\376\377\000S\000c\000i\000e\000n\000t\000i\000f\000i\000c\000\040\000P\000a\000c\000k\000a\000g\000e\000s}{section.2.5}% 25
\BOOKMARK [3][-]{subsubsection.2.5.2.1}{\376\377\000p\000h\000y\000s\000i\000c\000s}{subsection.2.5.2}% 26
\BOOKMARK [3][-]{subsubsection.2.5.2.2}{\376\377\000s\000i\000u\000n\000i\000t\000x}{subsection.2.5.2}% 27
\BOOKMARK [2][-]{subsection.2.5.3}{\376\377\000R\000e\000f\000e\000r\000e\000n\000c\000i\000n\000g}{section.2.5}% 28
\BOOKMARK [3][-]{subsubsection.2.5.3.1}{\376\377\000T\000h\000e\000\040\000B\000i\000b\000T\000e\000X\000\040\000F\000i\000l\000e}{subsection.2.5.3}% 29
\BOOKMARK [3][-]{subsubsection.2.5.3.2}{\376\377\000U\000s\000i\000n\000g\000\040\000B\000i\000b\000L\000a\000T\000e\000X}{subsection.2.5.3}% 30
\BOOKMARK [3][-]{subsubsection.2.5.3.3}{\376\377\000C\000o\000m\000b\000i\000n\000i\000n\000g\000\040\000C\000i\000t\000a\000t\000i\000o\000n\000s}{subsection.2.5.3}% 31
\BOOKMARK [3][-]{subsubsection.2.5.3.4}{\376\377\000C\000u\000s\000t\000o\000m\000i\000s\000i\000n\000g\000\040\000t\000h\000e\000\040\000B\000i\000b\000l\000i\000o\000g\000r\000a\000p\000h\000y}{subsection.2.5.3}% 32
\BOOKMARK [2][-]{subsection.2.5.4}{\376\377\000R\000e\000c\000o\000m\000m\000e\000n\000d\000e\000d\000\040\000C\000o\000n\000f\000i\000g\000u\000r\000a\000t\000i\000o\000n}{section.2.5}% 33
\BOOKMARK [0][-]{chapter.3}{\376\377\000C\000r\000e\000a\000t\000i\000n\000g\000\040\000P\000r\000e\000s\000e\000n\000t\000a\000t\000i\000o\000n\000s}{}% 34
\BOOKMARK [1][-]{section.3.1}{\376\377\000W\000h\000y\000\040\000U\000s\000e\000\040\000L\000a\000T\000e\000X\000\040\000f\000o\000r\000\040\000P\000r\000e\000s\000e\000n\000t\000a\000t\000i\000o\000n\000s\000?}{chapter.3}% 35
\BOOKMARK [1][-]{section.3.2}{\376\377\000T\000h\000e\000\040\000b\000e\000a\000m\000e\000r\000\040\000C\000l\000a\000s\000s}{chapter.3}% 36
\BOOKMARK [2][-]{subsection.3.2.1}{\376\377\000C\000r\000e\000a\000t\000i\000n\000g\000\040\000F\000r\000a\000m\000e\000s}{section.3.2}% 37
\BOOKMARK [2][-]{subsection.3.2.2}{\376\377\000T\000h\000e\000m\000e\000s}{section.3.2}% 38
\BOOKMARK [2][-]{subsection.3.2.3}{\376\377\000W\000r\000i\000t\000i\000n\000g\000\040\000N\000o\000t\000e\000s}{section.3.2}% 39
\BOOKMARK [1][-]{section.3.3}{\376\377\000F\000o\000r\000m\000a\000t\000t\000i\000n\000g\000\040\000f\000o\000r\000\040\000S\000p\000e\000e\000c\000h}{chapter.3}% 40
\BOOKMARK [2][-]{subsection.3.3.1}{\376\377\000L\000i\000s\000t\000s}{section.3.3}% 41
\BOOKMARK [2][-]{subsection.3.3.2}{\376\377\000B\000l\000o\000c\000k\000s}{section.3.3}% 42
\BOOKMARK [2][-]{subsection.3.3.3}{\376\377\000L\000a\000b\000e\000l\000l\000i\000n\000g\000\040\000M\000a\000t\000h\000e\000m\000a\000t\000i\000c\000s}{section.3.3}% 43
\BOOKMARK [1][-]{section.3.4}{\376\377\000F\000r\000a\000m\000e\000\040\000L\000a\000y\000o\000u\000t\000s}{chapter.3}% 44
\BOOKMARK [2][-]{subsection.3.4.1}{\376\377\000F\000o\000r\000m\000a\000t\000t\000i\000n\000g\000\040\000C\000o\000l\000u\000m\000n\000s}{section.3.4}% 45
\BOOKMARK [2][-]{subsection.3.4.2}{\376\377\000F\000i\000g\000u\000r\000e\000\040\000E\000n\000v\000i\000r\000o\000n\000m\000e\000n\000t\000s}{section.3.4}% 46
\BOOKMARK [1][-]{section.3.5}{\376\377\000D\000e\000s\000i\000g\000n\000\040\000a\000n\000d\000\040\000S\000e\000t\000u\000p\000\040\000I\000d\000e\000a\000s}{chapter.3}% 47
\BOOKMARK [2][-]{subsection.3.5.1}{\376\377\000P\000a\000c\000k\000a\000g\000e\000s}{section.3.5}% 48
\BOOKMARK [3][-]{subsubsection.3.5.1.1}{\376\377\000x\000c\000o\000l\000o\000r}{subsection.3.5.1}% 49
\BOOKMARK [3][-]{subsubsection.3.5.1.2}{\376\377\000M\000a\000t\000h\000e\000m\000a\000t\000i\000c\000s\000:\000\040\000c\000a\000n\000c\000e\000l\000\040\000a\000n\000d\000\040\000b\000r\000a\000c\000e\000a\000l\000i\000g\000n}{subsection.3.5.1}% 50
\BOOKMARK [2][-]{subsection.3.5.2}{\376\377\000N\000o\000t\000e\000\040\000P\000a\000g\000e\000\040\000S\000t\000y\000l\000i\000n\000g}{section.3.5}% 51
\BOOKMARK [2][-]{subsection.3.5.3}{\376\377\000M\000i\000s\000c\000e\000l\000l\000a\000n\000e\000o\000u\000s\000\040\000A\000l\000t\000e\000r\000a\000t\000i\000o\000n\000s}{section.3.5}% 52
\BOOKMARK [0][-]{appendix.A}{\376\377\000M\000a\000t\000h\000e\000m\000a\000t\000i\000c\000a\000l\000\040\000S\000y\000m\000b\000o\000l\000s}{}% 53
\BOOKMARK [1][-]{appendix.A.1}{\376\377\000C\000o\000m\000m\000o\000n\000\040\000O\000p\000e\000r\000a\000t\000o\000r\000s\000\040\000a\000n\000d\000\040\000C\000o\000n\000s\000t\000r\000u\000c\000t\000s}{appendix.A}% 54
\BOOKMARK [1][-]{appendix.A.2}{\376\377\000T\000r\000i\000g\000o\000n\000o\000m\000e\000t\000r\000i\000c\000\040\000F\000u\000n\000c\000t\000i\000o\000n\000s}{appendix.A}% 55
\BOOKMARK [1][-]{appendix.A.3}{\376\377\000B\000a\000s\000i\000c\000\040\000C\000a\000l\000c\000u\000l\000u\000s}{appendix.A}% 56
\BOOKMARK [1][-]{appendix.A.4}{\376\377\000V\000e\000c\000t\000o\000r\000s}{appendix.A}% 57
\BOOKMARK [1][-]{appendix.A.5}{\376\377\000M\000a\000t\000r\000i\000c\000e\000s}{appendix.A}% 58
\BOOKMARK [1][-]{appendix.A.6}{\376\377\000G\000r\000e\000e\000k\000\040\000S\000y\000m\000b\000o\000l\000s}{appendix.A}% 59
\BOOKMARK [1][-]{appendix.A.7}{\376\377\000L\000o\000g\000i\000c\000\040\000a\000n\000d\000\040\000S\000e\000t\000\040\000N\000o\000t\000a\000t\000i\000o\000n}{appendix.A}% 60
\BOOKMARK [1][-]{appendix.A.8}{\376\377\000M\000i\000s\000c\000e\000l\000l\000a\000n\000e\000o\000u\000s\000\040\000S\000y\000m\000b\000o\000l\000s\000\040\000a\000n\000d\000\040\000O\000p\000e\000r\000a\000t\000o\000r\000s}{appendix.A}% 61
\BOOKMARK [1][-]{appendix.A.9}{\376\377\000D\000i\000r\000a\000c\000\040\000N\000o\000t\000a\000t\000i\000o\000n}{appendix.A}% 62
\BOOKMARK [1][-]{appendix.A.10}{\376\377\000E\000x\000t\000e\000n\000d\000e\000d\000\040\000C\000a\000l\000c\000u\000l\000u\000s}{appendix.A}% 63
\BOOKMARK [1][-]{appendix.A.11}{\376\377\000D\000o\000t\000s\000\040\000a\000n\000d\000\040\000A\000r\000r\000o\000w\000s}{appendix.A}% 64
\BOOKMARK [1][-]{appendix.A.12}{\376\377\000D\000e\000l\000i\000m\000i\000t\000e\000r\000s}{appendix.A}% 65
\BOOKMARK [1][-]{appendix.A.13}{\376\377\000D\000e\000c\000o\000r\000a\000t\000i\000o\000n}{appendix.A}% 66
\BOOKMARK [1][-]{appendix.A.14}{\376\377\000S\000p\000a\000c\000e\000s}{appendix.A}% 67
\BOOKMARK [1][-]{appendix.A.15}{\376\377\000F\000o\000n\000t\000s}{appendix.A}% 68
\BOOKMARK [0][-]{appendix*.23}{\376\377\000F\000u\000r\000t\000h\000e\000r\000\040\000R\000e\000a\000d\000i\000n\000g}{}% 69
\BOOKMARK [1][-]{section*.24}{\376\377\000E\000n\000g\000i\000n\000e\000s\000,\000\040\000B\000i\000n\000a\000r\000i\000e\000s\000,\000\040\000a\000n\000d\000\040\000D\000i\000s\000t\000r\000i\000b\000u\000t\000i\000o\000n\000s}{appendix*.23}% 70
\BOOKMARK [1][-]{section*.25}{\376\377\000R\000e\000p\000o\000r\000t\000\040\000W\000r\000i\000t\000i\000n\000g}{appendix*.23}% 71
\BOOKMARK [1][-]{section*.26}{\376\377\000M\000a\000t\000h\000e\000m\000a\000t\000i\000c\000s\000\040\000T\000y\000p\000e\000s\000e\000t\000t\000i\000n\000g}{appendix*.23}% 72
\BOOKMARK [1][-]{section*.27}{\376\377\000R\000e\000f\000e\000r\000e\000n\000c\000i\000n\000g}{appendix*.23}% 73
\BOOKMARK [1][-]{section*.28}{\376\377\000P\000r\000e\000s\000e\000n\000t\000a\000t\000i\000o\000n\000s}{appendix*.23}% 74
\BOOKMARK [1][-]{section*.29}{\376\377\000P\000a\000c\000k\000a\000g\000e\000s}{appendix*.23}% 75
